// Jest Snapshot v1, https://goo.gl/fbAQLP

exports[`Dashboard component test Renders Dashboard component properly 1`] = `null`;
